[26-06-30 12:25:53] GUI started
[26-06-30 12:25:56] Communication timed out
[26-06-30 12:25:56] USB serial port not found
[26-06-30 12:26:29] CSV logging disabled
[26-06-30 12:26:31] Selected port COM3
[26-06-30 12:26:31] Using USB serial port COM3
[26-06-30 12:26:31] State changed to WPT Ready
[26-06-30 12:26:31] Implant State changed to Charge Active
[26-06-30 12:26:31] Found implant version v01.23.7357
[26-06-30 12:26:31] Found hub version v01.20.7357
[26-06-30 12:56:15] State changed to WPT Ready
[26-06-30 12:56:15] Implant State changed to Charge Active
[26-06-30 12:56:15] Found implant version v01.23.7357
[26-06-30 12:56:15] Found hub version v01.20.7357
[26-06-30 13:05:16] State changed to WPT Ready
[26-06-30 13:05:16] Implant State changed to Charge Active
[26-06-30 13:05:16] Found implant version v01.23.7357
[26-06-30 13:05:16] Found hub version v01.20.7357
[26-06-30 13:05:27] USB serial port disconnected
[26-06-30 13:05:27] USB serial port not found
[26-06-30 13:05:28] Communication timed out
